// Jest Snapshot v1, https://goo.gl/fbAQLP

exports[`<Search /> renders snapshot correctly 1`] = `
<form
  className="makeStyles-root-1"
  onSubmit={[Function]}
>
  <WithStyles(ForwardRef(TextField))
    className="makeStyles-spacing-2"
    fullWidth={true}
    label="Keyword..."
    onChange={[Function]}
    value=""
    variant="outlined"
  />
  <WithStyles(ForwardRef(TextField))
    className="makeStyles-spacing-2"
    fullWidth={true}
    label="Category..."
    onChange={[Function]}
    select={true}
    value=""
    variant="outlined"
  >
    <WithStyles(ForwardRef(MenuItem))
      key="Animals"
      value="animals"
    >
      Animals
    </WithStyles(ForwardRef(MenuItem))>
    <WithStyles(ForwardRef(MenuItem))
      key="Backgrounds"
      value="backgrounds"
    >
      Backgrounds
    </WithStyles(ForwardRef(MenuItem))>
    <WithStyles(ForwardRef(MenuItem))
      key="Buildings"
      value="buildings"
    >
      Buildings
    </WithStyles(ForwardRef(MenuItem))>
    <WithStyles(ForwardRef(MenuItem))
      key="Business"
      value="business"
    >
      Business
    </WithStyles(ForwardRef(MenuItem))>
    <WithStyles(ForwardRef(MenuItem))
      key="Computer"
      value="computer"
    >
      Computer
    </WithStyles(ForwardRef(MenuItem))>
    <WithStyles(ForwardRef(MenuItem))
      key="Education"
      value="education"
    >
      Education
    </WithStyles(ForwardRef(MenuItem))>
    <WithStyles(ForwardRef(MenuItem))
      key="Fashion"
      value="fashion"
    >
      Fashion
    </WithStyles(ForwardRef(MenuItem))>
    <WithStyles(ForwardRef(MenuItem))
      key="Feelings"
      value="feelings"
    >
      Feelings
    </WithStyles(ForwardRef(MenuItem))>
    <WithStyles(ForwardRef(MenuItem))
      key="Food"
      value="food"
    >
      Food
    </WithStyles(ForwardRef(MenuItem))>
    <WithStyles(ForwardRef(MenuItem))
      key="Health"
      value="health"
    >
      Health
    </WithStyles(ForwardRef(MenuItem))>
    <WithStyles(ForwardRef(MenuItem))
      key="Industry"
      value="industry"
    >
      Industry
    </WithStyles(ForwardRef(MenuItem))>
    <WithStyles(ForwardRef(MenuItem))
      key="Music"
      value="music"
    >
      Music
    </WithStyles(ForwardRef(MenuItem))>
    <WithStyles(ForwardRef(MenuItem))
      key="Nature"
      value="nature"
    >
      Nature
    </WithStyles(ForwardRef(MenuItem))>
    <WithStyles(ForwardRef(MenuItem))
      key="People"
      value="people"
    >
      People
    </WithStyles(ForwardRef(MenuItem))>
    <WithStyles(ForwardRef(MenuItem))
      key="Places"
      value="places"
    >
      Places
    </WithStyles(ForwardRef(MenuItem))>
    <WithStyles(ForwardRef(MenuItem))
      key="Religion"
      value="religion"
    >
      Religion
    </WithStyles(ForwardRef(MenuItem))>
    <WithStyles(ForwardRef(MenuItem))
      key="Science"
      value="science"
    >
      Science
    </WithStyles(ForwardRef(MenuItem))>
    <WithStyles(ForwardRef(MenuItem))
      key="Sports"
      value="sports"
    >
      Sports
    </WithStyles(ForwardRef(MenuItem))>
    <WithStyles(ForwardRef(MenuItem))
      key="Transportation"
      value="transportation"
    >
      Transportation
    </WithStyles(ForwardRef(MenuItem))>
    <WithStyles(ForwardRef(MenuItem))
      key="Travel"
      value="travel"
    >
      Travel
    </WithStyles(ForwardRef(MenuItem))>
  </WithStyles(ForwardRef(TextField))>
  <WithStyles(ForwardRef(Button))
    className="makeStyles-button-3"
    color="primary"
    fullWidth={true}
    size="large"
    type="submit"
    variant="contained"
  >
    Search
  </WithStyles(ForwardRef(Button))>
</form>
`;
